// Jest Snapshot v1, https://goo.gl/fbAQLP

exports[`HomeComponent should display HELLO_WORD 1`] = `[Function]`;
